// Jest Snapshot v1, https://goo.gl/fbAQLP

exports[`Header renders Header component 1`] = `
<DocumentFragment>
  <div
    class="header"
  >
    <div
      class="title"
    >
      EVENTIFY
    </div>
  </div>
</DocumentFragment>
`;
